[2026-08-05 16:15:24.835] [INFO] Startup program manager started.
[2026-08-05 16:15:24.858] [INFO] Mode flags: DryRun=True, Disable=True
[2026-08-05 16:15:24.863] [INFO] Log file: C:\Users\labuser\Documents\Training\Day3\StartupProgramArtifacts\StartupProgramManager_20260805_161524.log
[2026-08-05 16:15:24.901] [WARN] Registry startup location missing: HKCU:\Software\Microsoft\Windows\CurrentVersion\RunOnce
[2026-08-05 16:15:24.968] [INFO] Listing enabled startup entries.

Name           EntryType     StartupScope Location                                                                       Command                                                                                   
----           ---------     ------------ --------                                                                       -------                                                                                   
aw-qt          StartupFolder AllUsers     C:\ProgramData\Microsoft\Windows\Start Menu\Programs\Startup                   C:\ProgramData\Microsoft\Windows\Start Menu\Programs\Startup\aw-qt.lnk                    
AzureArcSetup  Registry      AllUsers     HKLM:\Software\Microsoft\Windows\CurrentVersion\Run                            C:\Windows\AzureArcSetup\Systray\AzureArcSysTray.exe                                      
desktop        StartupFolder AllUsers     C:\ProgramData\Microsoft\Windows\Start Menu\Programs\Startup                   C:\ProgramData\Microsoft\Windows\Start Menu\Programs\Startup\desktop.ini                  
desktop        StartupFolder CurrentUser  C:\Users\labuser\AppData\Roaming\Microsoft\Windows\Start Menu\Programs\Startup C:\Users\labuser\AppData\Roaming\Microsoft\Windows\Start Menu\Programs\Startup\desktop.ini
SecurityHealth Registry      AllUsers     HKLM:\Software\Microsoft\Windows\CurrentVersion\Run                            C:\Windows\system32\SecurityHealthSystray.exe
[2026-08-05 16:15:25.401] [INFO] Disable operation requested for filter: desktop*
[2026-08-05 16:15:25.482] [INFO] DRYRUN would disable startup folder entry: Name='desktop', File='C:\Users\labuser\AppData\Roaming\Microsoft\Windows\Start Menu\Programs\Startup\desktop.ini'
[2026-08-05 16:15:25.599] [INFO] DRYRUN would disable startup folder entry: Name='desktop', File='C:\ProgramData\Microsoft\Windows\Start Menu\Programs\Startup\desktop.ini'
[2026-08-05 16:15:25.604] [INFO] Summary report:
[2026-08-05 16:15:25.623] [INFO]   RegistryLocationsScanned: 6
[2026-08-05 16:15:25.635] [INFO]   StartupFoldersScanned: 2
[2026-08-05 16:15:25.648] [INFO]   StartupEntriesListed: 5
[2026-08-05 16:15:25.667] [INFO]   MatchedForDisable: 2
[2026-08-05 16:15:25.684] [INFO]   DisableAttempted: 2
[2026-08-05 16:15:25.689] [INFO]   DisableSucceeded: 0
[2026-08-05 16:15:25.695] [INFO]   DisableDryRunListed: 2
[2026-08-05 16:15:25.699] [INFO]   AlreadyDisabled: 0
[2026-08-05 16:15:25.713] [INFO]   Skipped: 0
[2026-08-05 16:15:25.723] [INFO]   Errors: 0
[2026-08-05 16:15:25.729] [INFO] Startup program manager completed.
