[2026-08-05 11:38:34.904] [INFO] Starting cleanup mode. DryRun=False; MinAgeDays=0
[2026-08-05 11:38:34.913] [INFO] Target paths: C:\Users\labuser\AppData\Local\Temp; C:\Windows\Temp
[2026-08-05 11:38:35.008] [INFO] Candidates found: 111. Eligible by age: 111.
[2026-08-05 11:38:35.072] [INFO] Backed up: C:\Users\labuser\AppData\Local\Temp\2\.ses -> C:\Users\labuser\Documents\Training\Day3\TempCleanupArtifacts\RollbackStore_20260805_113834\C\Users\labuser\AppData\Local\Temp\2\.ses
[2026-08-05 11:38:35.091] [INFO] Deleted: C:\Users\labuser\AppData\Local\Temp\2\.ses
[2026-08-05 11:38:35.103] [INFO] Backed up: C:\Users\labuser\AppData\Local\Temp\2\337afda6-cce2-496c-9feb-807b5aa8d7b2.tmp -> C:\Users\labuser\Documents\Training\Day3\TempCleanupArtifacts\RollbackStore_20260805_113834\C\Users\labuser\AppData\Local\Temp\2\337afda6-cce2-496c-9feb-807b5aa8d7b2.tmp
[2026-08-05 11:38:35.103] [INFO] Deleted: C:\Users\labuser\AppData\Local\Temp\2\337afda6-cce2-496c-9feb-807b5aa8d7b2.tmp
[2026-08-05 11:38:35.119] [INFO] Backed up: C:\Users\labuser\AppData\Local\Temp\2\42b62aa9-12f7-415c-bfde-eabdd63ed7e8.tmp -> C:\Users\labuser\Documents\Training\Day3\TempCleanupArtifacts\RollbackStore_20260805_113834\C\Users\labuser\AppData\Local\Temp\2\42b62aa9-12f7-415c-bfde-eabdd63ed7e8.tmp
[2026-08-05 11:38:35.123] [INFO] Deleted: C:\Users\labuser\AppData\Local\Temp\2\42b62aa9-12f7-415c-bfde-eabdd63ed7e8.tmp
[2026-08-05 11:38:35.123] [INFO] Backed up: C:\Users\labuser\AppData\Local\Temp\2\45777371-4f29-4a65-bde4-f9d13faacf9c.tmp -> C:\Users\labuser\Documents\Training\Day3\TempCleanupArtifacts\RollbackStore_20260805_113834\C\Users\labuser\AppData\Local\Temp\2\45777371-4f29-4a65-bde4-f9d13faacf9c.tmp
[2026-08-05 11:38:35.123] [INFO] Deleted: C:\Users\labuser\AppData\Local\Temp\2\45777371-4f29-4a65-bde4-f9d13faacf9c.tmp
[2026-08-05 11:38:35.185] [INFO] Backed up: C:\Users\labuser\AppData\Local\Temp\2\4b125627-6b8c-40b4-8651-4fe9182a215b.tmp -> C:\Users\labuser\Documents\Training\Day3\TempCleanupArtifacts\RollbackStore_20260805_113834\C\Users\labuser\AppData\Local\Temp\2\4b125627-6b8c-40b4-8651-4fe9182a215b.tmp
[2026-08-05 11:38:35.185] [INFO] Deleted: C:\Users\labuser\AppData\Local\Temp\2\4b125627-6b8c-40b4-8651-4fe9182a215b.tmp
[2026-08-05 11:38:35.198] [INFO] Backed up: C:\Users\labuser\AppData\Local\Temp\2\54e2e1d3-0b83-4eca-ae48-555a2ca677f1.tmp -> C:\Users\labuser\Documents\Training\Day3\TempCleanupArtifacts\RollbackStore_20260805_113834\C\Users\labuser\AppData\Local\Temp\2\54e2e1d3-0b83-4eca-ae48-555a2ca677f1.tmp
[2026-08-05 11:38:35.198] [INFO] Deleted: C:\Users\labuser\AppData\Local\Temp\2\54e2e1d3-0b83-4eca-ae48-555a2ca677f1.tmp
[2026-08-05 11:38:35.230] [WARN] File locked, skipped: C:\Users\labuser\AppData\Local\Temp\2\7eb9a447-5a37-4e62-80cc-9376b6c29b9d.tmp
[2026-08-05 11:38:35.248] [INFO] Backed up: C:\Users\labuser\AppData\Local\Temp\2\cv_debug.log -> C:\Users\labuser\Documents\Training\Day3\TempCleanupArtifacts\RollbackStore_20260805_113834\C\Users\labuser\AppData\Local\Temp\2\cv_debug.log
[2026-08-05 11:38:35.248] [INFO] Deleted: C:\Users\labuser\AppData\Local\Temp\2\cv_debug.log
[2026-08-05 11:38:35.279] [INFO] Backed up: C:\Users\labuser\AppData\Local\Temp\2\exthost-0106b4.cpuprofile -> C:\Users\labuser\Documents\Training\Day3\TempCleanupArtifacts\RollbackStore_20260805_113834\C\Users\labuser\AppData\Local\Temp\2\exthost-0106b4.cpuprofile
[2026-08-05 11:38:35.279] [INFO] Deleted: C:\Users\labuser\AppData\Local\Temp\2\exthost-0106b4.cpuprofile
[2026-08-05 11:38:35.310] [INFO] Backed up: C:\Users\labuser\AppData\Local\Temp\2\exthost-ae830d.cpuprofile -> C:\Users\labuser\Documents\Training\Day3\TempCleanupArtifacts\RollbackStore_20260805_113834\C\Users\labuser\AppData\Local\Temp\2\exthost-ae830d.cpuprofile
[2026-08-05 11:38:35.325] [INFO] Deleted: C:\Users\labuser\AppData\Local\Temp\2\exthost-ae830d.cpuprofile
[2026-08-05 11:38:35.531] [INFO] Backed up: C:\Users\labuser\AppData\Local\Temp\2\f87c3f67-12b1-4ed4-8ecf-cd635bea6b60.tmp -> C:\Users\labuser\Documents\Training\Day3\TempCleanupArtifacts\RollbackStore_20260805_113834\C\Users\labuser\AppData\Local\Temp\2\f87c3f67-12b1-4ed4-8ecf-cd635bea6b60.tmp
[2026-08-05 11:38:35.543] [INFO] Deleted: C:\Users\labuser\AppData\Local\Temp\2\f87c3f67-12b1-4ed4-8ecf-cd635bea6b60.tmp
[2026-08-05 11:38:35.584] [INFO] Backed up: C:\Users\labuser\AppData\Local\Temp\2\msedge_installer.log -> C:\Users\labuser\Documents\Training\Day3\TempCleanupArtifacts\RollbackStore_20260805_113834\C\Users\labuser\AppData\Local\Temp\2\msedge_installer.log
[2026-08-05 11:38:35.590] [INFO] Deleted: C:\Users\labuser\AppData\Local\Temp\2\msedge_installer.log
[2026-08-05 11:38:35.601] [INFO] Backed up: C:\Users\labuser\AppData\Local\Temp\2\wmsetup.log -> C:\Users\labuser\Documents\Training\Day3\TempCleanupArtifacts\RollbackStore_20260805_113834\C\Users\labuser\AppData\Local\Temp\2\wmsetup.log
[2026-08-05 11:38:35.605] [INFO] Deleted: C:\Users\labuser\AppData\Local\Temp\2\wmsetup.log
[2026-08-05 11:38:35.639] [INFO] Backed up: C:\Users\labuser\AppData\Local\Temp\2\gen_py\3.9\dicts.dat -> C:\Users\labuser\Documents\Training\Day3\TempCleanupArtifacts\RollbackStore_20260805_113834\C\Users\labuser\AppData\Local\Temp\2\gen_py\3.9\dicts.dat
[2026-08-05 11:38:35.639] [INFO] Deleted: C:\Users\labuser\AppData\Local\Temp\2\gen_py\3.9\dicts.dat
[2026-08-05 11:38:35.671] [INFO] Backed up: C:\Users\labuser\AppData\Local\Temp\2\gen_py\3.9\__init__.py -> C:\Users\labuser\Documents\Training\Day3\TempCleanupArtifacts\RollbackStore_20260805_113834\C\Users\labuser\AppData\Local\Temp\2\gen_py\3.9\__init__.py
[2026-08-05 11:38:35.671] [INFO] Deleted: C:\Users\labuser\AppData\Local\Temp\2\gen_py\3.9\__init__.py
[2026-08-05 11:38:35.814] [INFO] Backed up: C:\Users\labuser\AppData\Local\Temp\2\vscode-stable-system-x64\CodeSetup-stable-df53daabb18cd157bdb08c7f01c34df936cf12f4.exe -> C:\Users\labuser\Documents\Training\Day3\TempCleanupArtifacts\RollbackStore_20260805_113834\C\Users\labuser\AppData\Local\Temp\2\vscode-stable-system-x64\CodeSetup-stable-df53daabb18cd157bdb08c7f01c34df936cf12f4.exe
[2026-08-05 11:38:35.861] [INFO] Deleted: C:\Users\labuser\AppData\Local\Temp\2\vscode-stable-system-x64\CodeSetup-stable-df53daabb18cd157bdb08c7f01c34df936cf12f4.exe
[2026-08-05 11:38:35.877] [INFO] Backed up: C:\Users\labuser\AppData\Local\Temp\2\vscode-stable-system-x64\update-metadata.json -> C:\Users\labuser\Documents\Training\Day3\TempCleanupArtifacts\RollbackStore_20260805_113834\C\Users\labuser\AppData\Local\Temp\2\vscode-stable-system-x64\update-metadata.json
[2026-08-05 11:38:35.893] [INFO] Deleted: C:\Users\labuser\AppData\Local\Temp\2\vscode-stable-system-x64\update-metadata.json
[2026-08-05 11:38:35.925] [INFO] Backed up: C:\Windows\Temp\bb3a785178f443fda931098a5a9a306b.db.ses -> C:\Users\labuser\Documents\Training\Day3\TempCleanupArtifacts\RollbackStore_20260805_113834\C\Windows\Temp\bb3a785178f443fda931098a5a9a306b.db.ses
[2026-08-05 11:38:35.941] [INFO] Deleted: C:\Windows\Temp\bb3a785178f443fda931098a5a9a306b.db.ses
[2026-08-05 11:38:35.972] [INFO] Backed up: C:\Windows\Temp\MpCmdRun.log -> C:\Users\labuser\Documents\Training\Day3\TempCleanupArtifacts\RollbackStore_20260805_113834\C\Windows\Temp\MpCmdRun.log
[2026-08-05 11:38:35.988] [INFO] Deleted: C:\Windows\Temp\MpCmdRun.log
[2026-08-05 11:38:36.036] [INFO] Backed up: C:\Windows\Temp\MpSigStub.log -> C:\Users\labuser\Documents\Training\Day3\TempCleanupArtifacts\RollbackStore_20260805_113834\C\Windows\Temp\MpSigStub.log
[2026-08-05 11:38:36.051] [INFO] Deleted: C:\Windows\Temp\MpSigStub.log
[2026-08-05 11:38:36.060] [INFO] Backed up: C:\Windows\Temp\silconfig.log -> C:\Users\labuser\Documents\Training\Day3\TempCleanupArtifacts\RollbackStore_20260805_113834\C\Windows\Temp\silconfig.log
[2026-08-05 11:38:36.067] [INFO] Deleted: C:\Windows\Temp\silconfig.log
[2026-08-05 11:38:36.162] [INFO] Backed up: C:\Windows\Temp\_env.cmd -> C:\Users\labuser\Documents\Training\Day3\TempCleanupArtifacts\RollbackStore_20260805_113834\C\Windows\Temp\_env.cmd
[2026-08-05 11:38:36.162] [INFO] Deleted: C:\Windows\Temp\_env.cmd
[2026-08-05 11:38:39.029] [INFO] Backed up: C:\Windows\Temp\chocolatey\activitywatch\0.13.2\activitywatch-v0.13.2-windows-x86_64.zip -> C:\Users\labuser\Documents\Training\Day3\TempCleanupArtifacts\RollbackStore_20260805_113834\C\Windows\Temp\chocolatey\activitywatch\0.13.2\activitywatch-v0.13.2-windows-x86_64.zip
[2026-08-05 11:38:39.052] [INFO] Deleted: C:\Windows\Temp\chocolatey\activitywatch\0.13.2\activitywatch-v0.13.2-windows-x86_64.zip
[2026-08-05 11:38:39.084] [INFO] Backed up: C:\Windows\Temp\chocolatey\chocoInstall\chocolatey.nuspec -> C:\Users\labuser\Documents\Training\Day3\TempCleanupArtifacts\RollbackStore_20260805_113834\C\Windows\Temp\chocolatey\chocoInstall\chocolatey.nuspec
[2026-08-05 11:38:39.091] [INFO] Deleted: C:\Windows\Temp\chocolatey\chocoInstall\chocolatey.nuspec
[2026-08-05 11:38:39.417] [INFO] Backed up: C:\Windows\Temp\chocolatey\chocoInstall\chocolatey.zip -> C:\Users\labuser\Documents\Training\Day3\TempCleanupArtifacts\RollbackStore_20260805_113834\C\Windows\Temp\chocolatey\chocoInstall\chocolatey.zip
[2026-08-05 11:38:39.417] [INFO] Deleted: C:\Windows\Temp\chocolatey\chocoInstall\chocolatey.zip
[2026-08-05 11:38:39.449] [INFO] Backed up: C:\Windows\Temp\chocolatey\chocoInstall\[Content_Types].xml -> C:\Users\labuser\Documents\Training\Day3\TempCleanupArtifacts\RollbackStore_20260805_113834\C\Windows\Temp\chocolatey\chocoInstall\[Content_Types].xml
[2026-08-05 11:38:39.449] [INFO] Deleted: C:\Windows\Temp\chocolatey\chocoInstall\[Content_Types].xml
[2026-08-05 11:38:39.529] [INFO] Backed up: C:\Windows\Temp\chocolatey\chocoInstall\package\services\metadata\core-properties\5ad4dc75cc79452d8e7e738cb4a3286e.psmdcp -> C:\Users\labuser\Documents\Training\Day3\TempCleanupArtifacts\RollbackStore_20260805_113834\C\Windows\Temp\chocolatey\chocoInstall\package\services\metadata\core-properties\5ad4dc75cc79452d8e7e738cb4a3286e.psmdcp
[2026-08-05 11:38:39.544] [INFO] Deleted: C:\Windows\Temp\chocolatey\chocoInstall\package\services\metadata\core-properties\5ad4dc75cc79452d8e7e738cb4a3286e.psmdcp
[2026-08-05 11:38:39.544] [INFO] Backed up: C:\Windows\Temp\chocolatey\chocoInstall\tools\chocolateyInstall.ps1 -> C:\Users\labuser\Documents\Training\Day3\TempCleanupArtifacts\RollbackStore_20260805_113834\C\Windows\Temp\chocolatey\chocoInstall\tools\chocolateyInstall.ps1
[2026-08-05 11:38:39.544] [INFO] Deleted: C:\Windows\Temp\chocolatey\chocoInstall\tools\chocolateyInstall.ps1
[2026-08-05 11:38:39.919] [INFO] Backed up: C:\Windows\Temp\chocolatey\chocoInstall\tools\chocolateysetup.psm1 -> C:\Users\labuser\Documents\Training\Day3\TempCleanupArtifacts\RollbackStore_20260805_113834\C\Windows\Temp\chocolatey\chocoInstall\tools\chocolateysetup.psm1
[2026-08-05 11:38:39.919] [INFO] Deleted: C:\Windows\Temp\chocolatey\chocoInstall\tools\chocolateysetup.psm1
[2026-08-05 11:38:39.966] [INFO] Backed up: C:\Windows\Temp\chocolatey\chocoInstall\tools\init.ps1 -> C:\Users\labuser\Documents\Training\Day3\TempCleanupArtifacts\RollbackStore_20260805_113834\C\Windows\Temp\chocolatey\chocoInstall\tools\init.ps1
[2026-08-05 11:38:39.966] [INFO] Deleted: C:\Windows\Temp\chocolatey\chocoInstall\tools\init.ps1
[2026-08-05 11:38:40.045] [INFO] Backed up: C:\Windows\Temp\chocolatey\chocoInstall\tools\VERIFICATION.txt -> C:\Users\labuser\Documents\Training\Day3\TempCleanupArtifacts\RollbackStore_20260805_113834\C\Windows\Temp\chocolatey\chocoInstall\tools\VERIFICATION.txt
[2026-08-05 11:38:40.045] [INFO] Deleted: C:\Windows\Temp\chocolatey\chocoInstall\tools\VERIFICATION.txt
[2026-08-05 11:38:40.169] [INFO] Backed up: C:\Windows\Temp\chocolatey\chocoInstall\tools\chocolateyInstall\choco.exe -> C:\Users\labuser\Documents\Training\Day3\TempCleanupArtifacts\RollbackStore_20260805_113834\C\Windows\Temp\chocolatey\chocoInstall\tools\chocolateyInstall\choco.exe
[2026-08-05 11:38:40.185] [INFO] Deleted: C:\Windows\Temp\chocolatey\chocoInstall\tools\chocolateyInstall\choco.exe
[2026-08-05 11:38:40.185] [INFO] Backed up: C:\Windows\Temp\chocolatey\chocoInstall\tools\chocolateyInstall\choco.exe.ignore -> C:\Users\labuser\Documents\Training\Day3\TempCleanupArtifacts\RollbackStore_20260805_113834\C\Windows\Temp\chocolatey\chocoInstall\tools\chocolateyInstall\choco.exe.ignore
[2026-08-05 11:38:40.185] [INFO] Deleted: C:\Windows\Temp\chocolatey\chocoInstall\tools\chocolateyInstall\choco.exe.ignore
[2026-08-05 11:38:40.247] [INFO] Backed up: C:\Windows\Temp\chocolatey\chocoInstall\tools\chocolateyInstall\choco.exe.manifest -> C:\Users\labuser\Documents\Training\Day3\TempCleanupArtifacts\RollbackStore_20260805_113834\C\Windows\Temp\chocolatey\chocoInstall\tools\chocolateyInstall\choco.exe.manifest
[2026-08-05 11:38:40.263] [INFO] Deleted: C:\Windows\Temp\chocolatey\chocoInstall\tools\chocolateyInstall\choco.exe.manifest
[2026-08-05 11:38:40.325] [INFO] Backed up: C:\Windows\Temp\chocolatey\chocoInstall\tools\chocolateyInstall\CREDITS.txt -> C:\Users\labuser\Documents\Training\Day3\TempCleanupArtifacts\RollbackStore_20260805_113834\C\Windows\Temp\chocolatey\chocoInstall\tools\chocolateyInstall\CREDITS.txt
[2026-08-05 11:38:40.325] [INFO] Deleted: C:\Windows\Temp\chocolatey\chocoInstall\tools\chocolateyInstall\CREDITS.txt
[2026-08-05 11:38:40.357] [INFO] Backed up: C:\Windows\Temp\chocolatey\chocoInstall\tools\chocolateyInstall\LICENSE.txt -> C:\Users\labuser\Documents\Training\Day3\TempCleanupArtifacts\RollbackStore_20260805_113834\C\Windows\Temp\chocolatey\chocoInstall\tools\chocolateyInstall\LICENSE.txt
[2026-08-05 11:38:40.357] [INFO] Deleted: C:\Windows\Temp\chocolatey\chocoInstall\tools\chocolateyInstall\LICENSE.txt
[2026-08-05 11:38:40.372] [INFO] Backed up: C:\Windows\Temp\chocolatey\chocoInstall\tools\chocolateyInstall\helpers\chocolateyInstaller.psm1 -> C:\Users\labuser\Documents\Training\Day3\TempCleanupArtifacts\RollbackStore_20260805_113834\C\Windows\Temp\chocolatey\chocoInstall\tools\chocolateyInstall\helpers\chocolateyInstaller.psm1
[2026-08-05 11:38:40.372] [INFO] Deleted: C:\Windows\Temp\chocolatey\chocoInstall\tools\chocolateyInstall\helpers\chocolateyInstaller.psm1
[2026-08-05 11:38:40.388] [INFO] Backed up: C:\Windows\Temp\chocolatey\chocoInstall\tools\chocolateyInstall\helpers\chocolateyProfile.psm1 -> C:\Users\labuser\Documents\Training\Day3\TempCleanupArtifacts\RollbackStore_20260805_113834\C\Windows\Temp\chocolatey\chocoInstall\tools\chocolateyInstall\helpers\chocolateyProfile.psm1
[2026-08-05 11:38:40.388] [INFO] Deleted: C:\Windows\Temp\chocolatey\chocoInstall\tools\chocolateyInstall\helpers\chocolateyProfile.psm1
[2026-08-05 11:38:40.404] [INFO] Backed up: C:\Windows\Temp\chocolatey\chocoInstall\tools\chocolateyInstall\helpers\chocolateyScriptRunner.ps1 -> C:\Users\labuser\Documents\Training\Day3\TempCleanupArtifacts\RollbackStore_20260805_113834\C\Windows\Temp\chocolatey\chocoInstall\tools\chocolateyInstall\helpers\chocolateyScriptRunner.ps1
[2026-08-05 11:38:40.404] [INFO] Deleted: C:\Windows\Temp\chocolatey\chocoInstall\tools\chocolateyInstall\helpers\chocolateyScriptRunner.ps1
[2026-08-05 11:38:40.419] [INFO] Backed up: C:\Windows\Temp\chocolatey\chocoInstall\tools\chocolateyInstall\helpers\ChocolateyTabExpansion.ps1 -> C:\Users\labuser\Documents\Training\Day3\TempCleanupArtifacts\RollbackStore_20260805_113834\C\Windows\Temp\chocolatey\chocoInstall\tools\chocolateyInstall\helpers\ChocolateyTabExpansion.ps1
[2026-08-05 11:38:40.419] [INFO] Deleted: C:\Windows\Temp\chocolatey\chocoInstall\tools\chocolateyInstall\helpers\ChocolateyTabExpansion.ps1
[2026-08-05 11:38:40.466] [INFO] Backed up: C:\Windows\Temp\chocolatey\chocoInstall\tools\chocolateyInstall\helpers\functions\Format-FileSize.ps1 -> C:\Users\labuser\Documents\Training\Day3\TempCleanupArtifacts\RollbackStore_20260805_113834\C\Windows\Temp\chocolatey\chocoInstall\tools\chocolateyInstall\helpers\functions\Format-FileSize.ps1
[2026-08-05 11:38:40.466] [INFO] Deleted: C:\Windows\Temp\chocolatey\chocoInstall\tools\chocolateyInstall\helpers\functions\Format-FileSize.ps1
[2026-08-05 11:38:40.575] [INFO] Backed up: C:\Windows\Temp\chocolatey\chocoInstall\tools\chocolateyInstall\helpers\functions\Get-CheckSumValid.ps1 -> C:\Users\labuser\Documents\Training\Day3\TempCleanupArtifacts\RollbackStore_20260805_113834\C\Windows\Temp\chocolatey\chocoInstall\tools\chocolateyInstall\helpers\functions\Get-CheckSumValid.ps1
[2026-08-05 11:38:40.575] [INFO] Deleted: C:\Windows\Temp\chocolatey\chocoInstall\tools\chocolateyInstall\helpers\functions\Get-CheckSumValid.ps1
[2026-08-05 11:38:40.638] [INFO] Backed up: C:\Windows\Temp\chocolatey\chocoInstall\tools\chocolateyInstall\helpers\functions\Get-ChocolateyPath.ps1 -> C:\Users\labuser\Documents\Training\Day3\TempCleanupArtifacts\RollbackStore_20260805_113834\C\Windows\Temp\chocolatey\chocoInstall\tools\chocolateyInstall\helpers\functions\Get-ChocolateyPath.ps1
[2026-08-05 11:38:40.638] [INFO] Deleted: C:\Windows\Temp\chocolatey\chocoInstall\tools\chocolateyInstall\helpers\functions\Get-ChocolateyPath.ps1
[2026-08-05 11:38:40.685] [INFO] Backed up: C:\Windows\Temp\chocolatey\chocoInstall\tools\chocolateyInstall\helpers\functions\Get-ChocolateyUnzip.ps1 -> C:\Users\labuser\Documents\Training\Day3\TempCleanupArtifacts\RollbackStore_20260805_113834\C\Windows\Temp\chocolatey\chocoInstall\tools\chocolateyInstall\helpers\functions\Get-ChocolateyUnzip.ps1
[2026-08-05 11:38:40.685] [INFO] Deleted: C:\Windows\Temp\chocolatey\chocoInstall\tools\chocolateyInstall\helpers\functions\Get-ChocolateyUnzip.ps1
[2026-08-05 11:38:40.716] [INFO] Backed up: C:\Windows\Temp\chocolatey\chocoInstall\tools\chocolateyInstall\helpers\functions\Get-ChocolateyWebFile.ps1 -> C:\Users\labuser\Documents\Training\Day3\TempCleanupArtifacts\RollbackStore_20260805_113834\C\Windows\Temp\chocolatey\chocoInstall\tools\chocolateyInstall\helpers\functions\Get-ChocolateyWebFile.ps1
[2026-08-05 11:38:40.732] [INFO] Deleted: C:\Windows\Temp\chocolatey\chocoInstall\tools\chocolateyInstall\helpers\functions\Get-ChocolateyWebFile.ps1
[2026-08-05 11:38:40.747] [INFO] Backed up: C:\Windows\Temp\chocolatey\chocoInstall\tools\chocolateyInstall\helpers\functions\Get-EnvironmentVariable.ps1 -> C:\Users\labuser\Documents\Training\Day3\TempCleanupArtifacts\RollbackStore_20260805_113834\C\Windows\Temp\chocolatey\chocoInstall\tools\chocolateyInstall\helpers\functions\Get-EnvironmentVariable.ps1
[2026-08-05 11:38:40.747] [INFO] Deleted: C:\Windows\Temp\chocolatey\chocoInstall\tools\chocolateyInstall\helpers\functions\Get-EnvironmentVariable.ps1
[2026-08-05 11:38:40.763] [INFO] Backed up: C:\Windows\Temp\chocolatey\chocoInstall\tools\chocolateyInstall\helpers\functions\Get-EnvironmentVariableNames.ps1 -> C:\Users\labuser\Documents\Training\Day3\TempCleanupArtifacts\RollbackStore_20260805_113834\C\Windows\Temp\chocolatey\chocoInstall\tools\chocolateyInstall\helpers\functions\Get-EnvironmentVariableNames.ps1
[2026-08-05 11:38:40.763] [INFO] Deleted: C:\Windows\Temp\chocolatey\chocoInstall\tools\chocolateyInstall\helpers\functions\Get-EnvironmentVariableNames.ps1
[2026-08-05 11:38:41.076] [INFO] Backed up: C:\Windows\Temp\chocolatey\chocoInstall\tools\chocolateyInstall\helpers\functions\Get-FtpFile.ps1 -> C:\Users\labuser\Documents\Training\Day3\TempCleanupArtifacts\RollbackStore_20260805_113834\C\Windows\Temp\chocolatey\chocoInstall\tools\chocolateyInstall\helpers\functions\Get-FtpFile.ps1
[2026-08-05 11:38:41.091] [INFO] Deleted: C:\Windows\Temp\chocolatey\chocoInstall\tools\chocolateyInstall\helpers\functions\Get-FtpFile.ps1
[2026-08-05 11:38:41.107] [INFO] Backed up: C:\Windows\Temp\chocolatey\chocoInstall\tools\chocolateyInstall\helpers\functions\Get-OSArchitectureWidth.ps1 -> C:\Users\labuser\Documents\Training\Day3\TempCleanupArtifacts\RollbackStore_20260805_113834\C\Windows\Temp\chocolatey\chocoInstall\tools\chocolateyInstall\helpers\functions\Get-OSArchitectureWidth.ps1
[2026-08-05 11:38:41.122] [INFO] Deleted: C:\Windows\Temp\chocolatey\chocoInstall\tools\chocolateyInstall\helpers\functions\Get-OSArchitectureWidth.ps1
[2026-08-05 11:38:41.169] [INFO] Backed up: C:\Windows\Temp\chocolatey\chocoInstall\tools\chocolateyInstall\helpers\functions\Get-PackageParameters.ps1 -> C:\Users\labuser\Documents\Training\Day3\TempCleanupArtifacts\RollbackStore_20260805_113834\C\Windows\Temp\chocolatey\chocoInstall\tools\chocolateyInstall\helpers\functions\Get-PackageParameters.ps1
[2026-08-05 11:38:41.185] [INFO] Deleted: C:\Windows\Temp\chocolatey\chocoInstall\tools\chocolateyInstall\helpers\functions\Get-PackageParameters.ps1
[2026-08-05 11:38:41.200] [INFO] Backed up: C:\Windows\Temp\chocolatey\chocoInstall\tools\chocolateyInstall\helpers\functions\Get-ToolsLocation.ps1 -> C:\Users\labuser\Documents\Training\Day3\TempCleanupArtifacts\RollbackStore_20260805_113834\C\Windows\Temp\chocolatey\chocoInstall\tools\chocolateyInstall\helpers\functions\Get-ToolsLocation.ps1
[2026-08-05 11:38:41.216] [INFO] Deleted: C:\Windows\Temp\chocolatey\chocoInstall\tools\chocolateyInstall\helpers\functions\Get-ToolsLocation.ps1
[2026-08-05 11:38:41.232] [INFO] Backed up: C:\Windows\Temp\chocolatey\chocoInstall\tools\chocolateyInstall\helpers\functions\Get-UACEnabled.ps1 -> C:\Users\labuser\Documents\Training\Day3\TempCleanupArtifacts\RollbackStore_20260805_113834\C\Windows\Temp\chocolatey\chocoInstall\tools\chocolateyInstall\helpers\functions\Get-UACEnabled.ps1
[2026-08-05 11:38:41.232] [INFO] Deleted: C:\Windows\Temp\chocolatey\chocoInstall\tools\chocolateyInstall\helpers\functions\Get-UACEnabled.ps1
[2026-08-05 11:38:41.263] [INFO] Backed up: C:\Windows\Temp\chocolatey\chocoInstall\tools\chocolateyInstall\helpers\functions\Get-UninstallRegistryKey.ps1 -> C:\Users\labuser\Documents\Training\Day3\TempCleanupArtifacts\RollbackStore_20260805_113834\C\Windows\Temp\chocolatey\chocoInstall\tools\chocolateyInstall\helpers\functions\Get-UninstallRegistryKey.ps1
[2026-08-05 11:38:41.279] [INFO] Deleted: C:\Windows\Temp\chocolatey\chocoInstall\tools\chocolateyInstall\helpers\functions\Get-UninstallRegistryKey.ps1
[2026-08-05 11:38:41.310] [INFO] Backed up: C:\Windows\Temp\chocolatey\chocoInstall\tools\chocolateyInstall\helpers\functions\Get-VirusCheckValid.ps1 -> C:\Users\labuser\Documents\Training\Day3\TempCleanupArtifacts\RollbackStore_20260805_113834\C\Windows\Temp\chocolatey\chocoInstall\tools\chocolateyInstall\helpers\functions\Get-VirusCheckValid.ps1
[2026-08-05 11:38:41.310] [INFO] Deleted: C:\Windows\Temp\chocolatey\chocoInstall\tools\chocolateyInstall\helpers\functions\Get-VirusCheckValid.ps1
[2026-08-05 11:38:41.310] [INFO] Backed up: C:\Windows\Temp\chocolatey\chocoInstall\tools\chocolateyInstall\helpers\functions\Get-WebFile.ps1 -> C:\Users\labuser\Documents\Training\Day3\TempCleanupArtifacts\RollbackStore_20260805_113834\C\Windows\Temp\chocolatey\chocoInstall\tools\chocolateyInstall\helpers\functions\Get-WebFile.ps1
[2026-08-05 11:38:41.325] [INFO] Deleted: C:\Windows\Temp\chocolatey\chocoInstall\tools\chocolateyInstall\helpers\functions\Get-WebFile.ps1
[2026-08-05 11:38:41.325] [INFO] Backed up: C:\Windows\Temp\chocolatey\chocoInstall\tools\chocolateyInstall\helpers\functions\Get-WebFileName.ps1 -> C:\Users\labuser\Documents\Training\Day3\TempCleanupArtifacts\RollbackStore_20260805_113834\C\Windows\Temp\chocolatey\chocoInstall\tools\chocolateyInstall\helpers\functions\Get-WebFileName.ps1
[2026-08-05 11:38:41.325] [INFO] Deleted: C:\Windows\Temp\chocolatey\chocoInstall\tools\chocolateyInstall\helpers\functions\Get-WebFileName.ps1
[2026-08-05 11:38:41.341] [INFO] Backed up: C:\Windows\Temp\chocolatey\chocoInstall\tools\chocolateyInstall\helpers\functions\Get-WebHeaders.ps1 -> C:\Users\labuser\Documents\Training\Day3\TempCleanupArtifacts\RollbackStore_20260805_113834\C\Windows\Temp\chocolatey\chocoInstall\tools\chocolateyInstall\helpers\functions\Get-WebHeaders.ps1
[2026-08-05 11:38:41.341] [INFO] Deleted: C:\Windows\Temp\chocolatey\chocoInstall\tools\chocolateyInstall\helpers\functions\Get-WebHeaders.ps1
[2026-08-05 11:38:41.357] [INFO] Backed up: C:\Windows\Temp\chocolatey\chocoInstall\tools\chocolateyInstall\helpers\functions\Install-BinFile.ps1 -> C:\Users\labuser\Documents\Training\Day3\TempCleanupArtifacts\RollbackStore_20260805_113834\C\Windows\Temp\chocolatey\chocoInstall\tools\chocolateyInstall\helpers\functions\Install-BinFile.ps1
[2026-08-05 11:38:41.357] [INFO] Deleted: C:\Windows\Temp\chocolatey\chocoInstall\tools\chocolateyInstall\helpers\functions\Install-BinFile.ps1
[2026-08-05 11:38:41.372] [INFO] Backed up: C:\Windows\Temp\chocolatey\chocoInstall\tools\chocolateyInstall\helpers\functions\Install-ChocolateyEnvironmentVariable.ps1 -> C:\Users\labuser\Documents\Training\Day3\TempCleanupArtifacts\RollbackStore_20260805_113834\C\Windows\Temp\chocolatey\chocoInstall\tools\chocolateyInstall\helpers\functions\Install-ChocolateyEnvironmentVariable.ps1
[2026-08-05 11:38:41.372] [INFO] Deleted: C:\Windows\Temp\chocolatey\chocoInstall\tools\chocolateyInstall\helpers\functions\Install-ChocolateyEnvironmentVariable.ps1
[2026-08-05 11:38:41.404] [INFO] Backed up: C:\Windows\Temp\chocolatey\chocoInstall\tools\chocolateyInstall\helpers\functions\Install-ChocolateyExplorerMenuItem.ps1 -> C:\Users\labuser\Documents\Training\Day3\TempCleanupArtifacts\RollbackStore_20260805_113834\C\Windows\Temp\chocolatey\chocoInstall\tools\chocolateyInstall\helpers\functions\Install-ChocolateyExplorerMenuItem.ps1
[2026-08-05 11:38:41.404] [INFO] Deleted: C:\Windows\Temp\chocolatey\chocoInstall\tools\chocolateyInstall\helpers\functions\Install-ChocolateyExplorerMenuItem.ps1
[2026-08-05 11:38:41.419] [INFO] Backed up: C:\Windows\Temp\chocolatey\chocoInstall\tools\chocolateyInstall\helpers\functions\Install-ChocolateyFileAssociation.ps1 -> C:\Users\labuser\Documents\Training\Day3\TempCleanupArtifacts\RollbackStore_20260805_113834\C\Windows\Temp\chocolatey\chocoInstall\tools\chocolateyInstall\helpers\functions\Install-ChocolateyFileAssociation.ps1
[2026-08-05 11:38:41.419] [INFO] Deleted: C:\Windows\Temp\chocolatey\chocoInstall\tools\chocolateyInstall\helpers\functions\Install-ChocolateyFileAssociation.ps1
[2026-08-05 11:38:41.419] [INFO] Backed up: C:\Windows\Temp\chocolatey\chocoInstall\tools\chocolateyInstall\helpers\functions\Install-ChocolateyInstallPackage.ps1 -> C:\Users\labuser\Documents\Training\Day3\TempCleanupArtifacts\RollbackStore_20260805_113834\C\Windows\Temp\chocolatey\chocoInstall\tools\chocolateyInstall\helpers\functions\Install-ChocolateyInstallPackage.ps1
[2026-08-05 11:38:41.435] [INFO] Deleted: C:\Windows\Temp\chocolatey\chocoInstall\tools\chocolateyInstall\helpers\functions\Install-ChocolateyInstallPackage.ps1
[2026-08-05 11:38:41.482] [INFO] Backed up: C:\Windows\Temp\chocolatey\chocoInstall\tools\chocolateyInstall\helpers\functions\Install-ChocolateyPackage.ps1 -> C:\Users\labuser\Documents\Training\Day3\TempCleanupArtifacts\RollbackStore_20260805_113834\C\Windows\Temp\chocolatey\chocoInstall\tools\chocolateyInstall\helpers\functions\Install-ChocolateyPackage.ps1
[2026-08-05 11:38:41.482] [INFO] Deleted: C:\Windows\Temp\chocolatey\chocoInstall\tools\chocolateyInstall\helpers\functions\Install-ChocolateyPackage.ps1
[2026-08-05 11:38:41.513] [INFO] Backed up: C:\Windows\Temp\chocolatey\chocoInstall\tools\chocolateyInstall\helpers\functions\Install-ChocolateyPath.ps1 -> C:\Users\labuser\Documents\Training\Day3\TempCleanupArtifacts\RollbackStore_20260805_113834\C\Windows\Temp\chocolatey\chocoInstall\tools\chocolateyInstall\helpers\functions\Install-ChocolateyPath.ps1
[2026-08-05 11:38:41.513] [INFO] Deleted: C:\Windows\Temp\chocolatey\chocoInstall\tools\chocolateyInstall\helpers\functions\Install-ChocolateyPath.ps1
[2026-08-05 11:38:41.529] [INFO] Backed up: C:\Windows\Temp\chocolatey\chocoInstall\tools\chocolateyInstall\helpers\functions\Install-ChocolateyPinnedTaskBarItem.ps1 -> C:\Users\labuser\Documents\Training\Day3\TempCleanupArtifacts\RollbackStore_20260805_113834\C\Windows\Temp\chocolatey\chocoInstall\tools\chocolateyInstall\helpers\functions\Install-ChocolateyPinnedTaskBarItem.ps1
[2026-08-05 11:38:41.529] [INFO] Deleted: C:\Windows\Temp\chocolatey\chocoInstall\tools\chocolateyInstall\helpers\functions\Install-ChocolateyPinnedTaskBarItem.ps1
[2026-08-05 11:38:41.544] [INFO] Backed up: C:\Windows\Temp\chocolatey\chocoInstall\tools\chocolateyInstall\helpers\functions\Install-ChocolateyPowershellCommand.ps1 -> C:\Users\labuser\Documents\Training\Day3\TempCleanupArtifacts\RollbackStore_20260805_113834\C\Windows\Temp\chocolatey\chocoInstall\tools\chocolateyInstall\helpers\functions\Install-ChocolateyPowershellCommand.ps1
[2026-08-05 11:38:41.544] [INFO] Deleted: C:\Windows\Temp\chocolatey\chocoInstall\tools\chocolateyInstall\helpers\functions\Install-ChocolateyPowershellCommand.ps1
[2026-08-05 11:38:41.560] [INFO] Backed up: C:\Windows\Temp\chocolatey\chocoInstall\tools\chocolateyInstall\helpers\functions\Install-ChocolateyShortcut.ps1 -> C:\Users\labuser\Documents\Training\Day3\TempCleanupArtifacts\RollbackStore_20260805_113834\C\Windows\Temp\chocolatey\chocoInstall\tools\chocolateyInstall\helpers\functions\Install-ChocolateyShortcut.ps1
[2026-08-05 11:38:41.560] [INFO] Deleted: C:\Windows\Temp\chocolatey\chocoInstall\tools\chocolateyInstall\helpers\functions\Install-ChocolateyShortcut.ps1
[2026-08-05 11:38:41.607] [INFO] Backed up: C:\Windows\Temp\chocolatey\chocoInstall\tools\chocolateyInstall\helpers\functions\Install-ChocolateyVsixPackage.ps1 -> C:\Users\labuser\Documents\Training\Day3\TempCleanupArtifacts\RollbackStore_20260805_113834\C\Windows\Temp\chocolatey\chocoInstall\tools\chocolateyInstall\helpers\functions\Install-ChocolateyVsixPackage.ps1
[2026-08-05 11:38:41.607] [INFO] Deleted: C:\Windows\Temp\chocolatey\chocoInstall\tools\chocolateyInstall\helpers\functions\Install-ChocolateyVsixPackage.ps1
[2026-08-05 11:38:41.638] [INFO] Backed up: C:\Windows\Temp\chocolatey\chocoInstall\tools\chocolateyInstall\helpers\functions\Install-ChocolateyZipPackage.ps1 -> C:\Users\labuser\Documents\Training\Day3\TempCleanupArtifacts\RollbackStore_20260805_113834\C\Windows\Temp\chocolatey\chocoInstall\tools\chocolateyInstall\helpers\functions\Install-ChocolateyZipPackage.ps1
[2026-08-05 11:38:41.654] [INFO] Deleted: C:\Windows\Temp\chocolatey\chocoInstall\tools\chocolateyInstall\helpers\functions\Install-ChocolateyZipPackage.ps1
[2026-08-05 11:38:41.654] [INFO] Backed up: C:\Windows\Temp\chocolatey\chocoInstall\tools\chocolateyInstall\helpers\functions\Install-Vsix.ps1 -> C:\Users\labuser\Documents\Training\Day3\TempCleanupArtifacts\RollbackStore_20260805_113834\C\Windows\Temp\chocolatey\chocoInstall\tools\chocolateyInstall\helpers\functions\Install-Vsix.ps1
[2026-08-05 11:38:41.654] [INFO] Deleted: C:\Windows\Temp\chocolatey\chocoInstall\tools\chocolateyInstall\helpers\functions\Install-Vsix.ps1
[2026-08-05 11:38:41.669] [INFO] Backed up: C:\Windows\Temp\chocolatey\chocoInstall\tools\chocolateyInstall\helpers\functions\Set-EnvironmentVariable.ps1 -> C:\Users\labuser\Documents\Training\Day3\TempCleanupArtifacts\RollbackStore_20260805_113834\C\Windows\Temp\chocolatey\chocoInstall\tools\chocolateyInstall\helpers\functions\Set-EnvironmentVariable.ps1
[2026-08-05 11:38:41.669] [INFO] Deleted: C:\Windows\Temp\chocolatey\chocoInstall\tools\chocolateyInstall\helpers\functions\Set-EnvironmentVariable.ps1
[2026-08-05 11:38:41.685] [INFO] Backed up: C:\Windows\Temp\chocolatey\chocoInstall\tools\chocolateyInstall\helpers\functions\Set-PowerShellExitCode.ps1 -> C:\Users\labuser\Documents\Training\Day3\TempCleanupArtifacts\RollbackStore_20260805_113834\C\Windows\Temp\chocolatey\chocoInstall\tools\chocolateyInstall\helpers\functions\Set-PowerShellExitCode.ps1
[2026-08-05 11:38:41.685] [INFO] Deleted: C:\Windows\Temp\chocolatey\chocoInstall\tools\chocolateyInstall\helpers\functions\Set-PowerShellExitCode.ps1
[2026-08-05 11:38:41.716] [INFO] Backed up: C:\Windows\Temp\chocolatey\chocoInstall\tools\chocolateyInstall\helpers\functions\Start-ChocolateyProcessAsAdmin.ps1 -> C:\Users\labuser\Documents\Training\Day3\TempCleanupArtifacts\RollbackStore_20260805_113834\C\Windows\Temp\chocolatey\chocoInstall\tools\chocolateyInstall\helpers\functions\Start-ChocolateyProcessAsAdmin.ps1
[2026-08-05 11:38:41.732] [INFO] Deleted: C:\Windows\Temp\chocolatey\chocoInstall\tools\chocolateyInstall\helpers\functions\Start-ChocolateyProcessAsAdmin.ps1
[2026-08-05 11:38:41.732] [INFO] Backed up: C:\Windows\Temp\chocolatey\chocoInstall\tools\chocolateyInstall\helpers\functions\Test-ProcessAdminRights.ps1 -> C:\Users\labuser\Documents\Training\Day3\TempCleanupArtifacts\RollbackStore_20260805_113834\C\Windows\Temp\chocolatey\chocoInstall\tools\chocolateyInstall\helpers\functions\Test-ProcessAdminRights.ps1
[2026-08-05 11:38:41.747] [INFO] Deleted: C:\Windows\Temp\chocolatey\chocoInstall\tools\chocolateyInstall\helpers\functions\Test-ProcessAdminRights.ps1
[2026-08-05 11:38:41.747] [INFO] Backed up: C:\Windows\Temp\chocolatey\chocoInstall\tools\chocolateyInstall\helpers\functions\Uninstall-BinFile.ps1 -> C:\Users\labuser\Documents\Training\Day3\TempCleanupArtifacts\RollbackStore_20260805_113834\C\Windows\Temp\chocolatey\chocoInstall\tools\chocolateyInstall\helpers\functions\Uninstall-BinFile.ps1
[2026-08-05 11:38:41.763] [INFO] Deleted: C:\Windows\Temp\chocolatey\chocoInstall\tools\chocolateyInstall\helpers\functions\Uninstall-BinFile.ps1
[2026-08-05 11:38:41.763] [INFO] Backed up: C:\Windows\Temp\chocolatey\chocoInstall\tools\chocolateyInstall\helpers\functions\Uninstall-ChocolateyEnvironmentVariable.ps1 -> C:\Users\labuser\Documents\Training\Day3\TempCleanupArtifacts\RollbackStore_20260805_113834\C\Windows\Temp\chocolatey\chocoInstall\tools\chocolateyInstall\helpers\functions\Uninstall-ChocolateyEnvironmentVariable.ps1
[2026-08-05 11:38:41.763] [INFO] Deleted: C:\Windows\Temp\chocolatey\chocoInstall\tools\chocolateyInstall\helpers\functions\Uninstall-ChocolateyEnvironmentVariable.ps1
[2026-08-05 11:38:41.779] [INFO] Backed up: C:\Windows\Temp\chocolatey\chocoInstall\tools\chocolateyInstall\helpers\functions\Uninstall-ChocolateyPackage.ps1 -> C:\Users\labuser\Documents\Training\Day3\TempCleanupArtifacts\RollbackStore_20260805_113834\C\Windows\Temp\chocolatey\chocoInstall\tools\chocolateyInstall\helpers\functions\Uninstall-ChocolateyPackage.ps1
[2026-08-05 11:38:41.779] [INFO] Deleted: C:\Windows\Temp\chocolatey\chocoInstall\tools\chocolateyInstall\helpers\functions\Uninstall-ChocolateyPackage.ps1
[2026-08-05 11:38:41.794] [INFO] Backed up: C:\Windows\Temp\chocolatey\chocoInstall\tools\chocolateyInstall\helpers\functions\UnInstall-ChocolateyZipPackage.ps1 -> C:\Users\labuser\Documents\Training\Day3\TempCleanupArtifacts\RollbackStore_20260805_113834\C\Windows\Temp\chocolatey\chocoInstall\tools\chocolateyInstall\helpers\functions\UnInstall-ChocolateyZipPackage.ps1
[2026-08-05 11:38:41.794] [INFO] Deleted: C:\Windows\Temp\chocolatey\chocoInstall\tools\chocolateyInstall\helpers\functions\UnInstall-ChocolateyZipPackage.ps1
[2026-08-05 11:38:41.794] [INFO] Backed up: C:\Windows\Temp\chocolatey\chocoInstall\tools\chocolateyInstall\helpers\functions\Update-SessionEnvironment.ps1 -> C:\Users\labuser\Documents\Training\Day3\TempCleanupArtifacts\RollbackStore_20260805_113834\C\Windows\Temp\chocolatey\chocoInstall\tools\chocolateyInstall\helpers\functions\Update-SessionEnvironment.ps1
[2026-08-05 11:38:41.810] [INFO] Deleted: C:\Windows\Temp\chocolatey\chocoInstall\tools\chocolateyInstall\helpers\functions\Update-SessionEnvironment.ps1
[2026-08-05 11:38:41.810] [INFO] Backed up: C:\Windows\Temp\chocolatey\chocoInstall\tools\chocolateyInstall\helpers\functions\Write-FunctionCallLogMessage.ps1 -> C:\Users\labuser\Documents\Training\Day3\TempCleanupArtifacts\RollbackStore_20260805_113834\C\Windows\Temp\chocolatey\chocoInstall\tools\chocolateyInstall\helpers\functions\Write-FunctionCallLogMessage.ps1
[2026-08-05 11:38:41.825] [INFO] Deleted: C:\Windows\Temp\chocolatey\chocoInstall\tools\chocolateyInstall\helpers\functions\Write-FunctionCallLogMessage.ps1
[2026-08-05 11:38:41.857] [INFO] Backed up: C:\Windows\Temp\chocolatey\chocoInstall\tools\chocolateyInstall\redirects\choco.exe -> C:\Users\labuser\Documents\Training\Day3\TempCleanupArtifacts\RollbackStore_20260805_113834\C\Windows\Temp\chocolatey\chocoInstall\tools\chocolateyInstall\redirects\choco.exe
[2026-08-05 11:38:41.857] [INFO] Deleted: C:\Windows\Temp\chocolatey\chocoInstall\tools\chocolateyInstall\redirects\choco.exe
[2026-08-05 11:38:41.872] [INFO] Backed up: C:\Windows\Temp\chocolatey\chocoInstall\tools\chocolateyInstall\redirects\choco.exe.ignore -> C:\Users\labuser\Documents\Training\Day3\TempCleanupArtifacts\RollbackStore_20260805_113834\C\Windows\Temp\chocolatey\chocoInstall\tools\chocolateyInstall\redirects\choco.exe.ignore
[2026-08-05 11:38:41.872] [INFO] Deleted: C:\Windows\Temp\chocolatey\chocoInstall\tools\chocolateyInstall\redirects\choco.exe.ignore
[2026-08-05 11:38:41.997] [INFO] Backed up: C:\Windows\Temp\chocolatey\chocoInstall\tools\chocolateyInstall\redirects\chocolatey.exe -> C:\Users\labuser\Documents\Training\Day3\TempCleanupArtifacts\RollbackStore_20260805_113834\C\Windows\Temp\chocolatey\chocoInstall\tools\chocolateyInstall\redirects\chocolatey.exe
[2026-08-05 11:38:41.997] [INFO] Deleted: C:\Windows\Temp\chocolatey\chocoInstall\tools\chocolateyInstall\redirects\chocolatey.exe
[2026-08-05 11:38:42.013] [INFO] Backed up: C:\Windows\Temp\chocolatey\chocoInstall\tools\chocolateyInstall\redirects\chocolatey.exe.ignore -> C:\Users\labuser\Documents\Training\Day3\TempCleanupArtifacts\RollbackStore_20260805_113834\C\Windows\Temp\chocolatey\chocoInstall\tools\chocolateyInstall\redirects\chocolatey.exe.ignore
[2026-08-05 11:38:42.013] [INFO] Deleted: C:\Windows\Temp\chocolatey\chocoInstall\tools\chocolateyInstall\redirects\chocolatey.exe.ignore
[2026-08-05 11:38:42.029] [INFO] Backed up: C:\Windows\Temp\chocolatey\chocoInstall\tools\chocolateyInstall\redirects\cinst.exe -> C:\Users\labuser\Documents\Training\Day3\TempCleanupArtifacts\RollbackStore_20260805_113834\C\Windows\Temp\chocolatey\chocoInstall\tools\chocolateyInstall\redirects\cinst.exe
[2026-08-05 11:38:42.044] [INFO] Deleted: C:\Windows\Temp\chocolatey\chocoInstall\tools\chocolateyInstall\redirects\cinst.exe
[2026-08-05 11:38:42.044] [INFO] Backed up: C:\Windows\Temp\chocolatey\chocoInstall\tools\chocolateyInstall\redirects\cinst.exe.ignore -> C:\Users\labuser\Documents\Training\Day3\TempCleanupArtifacts\RollbackStore_20260805_113834\C\Windows\Temp\chocolatey\chocoInstall\tools\chocolateyInstall\redirects\cinst.exe.ignore
[2026-08-05 11:38:42.044] [INFO] Deleted: C:\Windows\Temp\chocolatey\chocoInstall\tools\chocolateyInstall\redirects\cinst.exe.ignore
[2026-08-05 11:38:42.060] [INFO] Backed up: C:\Windows\Temp\chocolatey\chocoInstall\tools\chocolateyInstall\redirects\clist.exe -> C:\Users\labuser\Documents\Training\Day3\TempCleanupArtifacts\RollbackStore_20260805_113834\C\Windows\Temp\chocolatey\chocoInstall\tools\chocolateyInstall\redirects\clist.exe
[2026-08-05 11:38:42.060] [INFO] Deleted: C:\Windows\Temp\chocolatey\chocoInstall\tools\chocolateyInstall\redirects\clist.exe
[2026-08-05 11:38:42.075] [INFO] Backed up: C:\Windows\Temp\chocolatey\chocoInstall\tools\chocolateyInstall\redirects\clist.exe.ignore -> C:\Users\labuser\Documents\Training\Day3\TempCleanupArtifacts\RollbackStore_20260805_113834\C\Windows\Temp\chocolatey\chocoInstall\tools\chocolateyInstall\redirects\clist.exe.ignore
[2026-08-05 11:38:42.075] [INFO] Deleted: C:\Windows\Temp\chocolatey\chocoInstall\tools\chocolateyInstall\redirects\clist.exe.ignore
[2026-08-05 11:38:42.091] [INFO] Backed up: C:\Windows\Temp\chocolatey\chocoInstall\tools\chocolateyInstall\redirects\cpush.exe -> C:\Users\labuser\Documents\Training\Day3\TempCleanupArtifacts\RollbackStore_20260805_113834\C\Windows\Temp\chocolatey\chocoInstall\tools\chocolateyInstall\redirects\cpush.exe
[2026-08-05 11:38:42.091] [INFO] Deleted: C:\Windows\Temp\chocolatey\chocoInstall\tools\chocolateyInstall\redirects\cpush.exe
[2026-08-05 11:38:42.107] [INFO] Backed up: C:\Windows\Temp\chocolatey\chocoInstall\tools\chocolateyInstall\redirects\cpush.exe.ignore -> C:\Users\labuser\Documents\Training\Day3\TempCleanupArtifacts\RollbackStore_20260805_113834\C\Windows\Temp\chocolatey\chocoInstall\tools\chocolateyInstall\redirects\cpush.exe.ignore
[2026-08-05 11:38:42.107] [INFO] Deleted: C:\Windows\Temp\chocolatey\chocoInstall\tools\chocolateyInstall\redirects\cpush.exe.ignore
[2026-08-05 11:38:42.122] [INFO] Backed up: C:\Windows\Temp\chocolatey\chocoInstall\tools\chocolateyInstall\redirects\cuninst.exe -> C:\Users\labuser\Documents\Training\Day3\TempCleanupArtifacts\RollbackStore_20260805_113834\C\Windows\Temp\chocolatey\chocoInstall\tools\chocolateyInstall\redirects\cuninst.exe
[2026-08-05 11:38:42.122] [INFO] Deleted: C:\Windows\Temp\chocolatey\chocoInstall\tools\chocolateyInstall\redirects\cuninst.exe
[2026-08-05 11:38:42.138] [INFO] Backed up: C:\Windows\Temp\chocolatey\chocoInstall\tools\chocolateyInstall\redirects\cuninst.exe.ignore -> C:\Users\labuser\Documents\Training\Day3\TempCleanupArtifacts\RollbackStore_20260805_113834\C\Windows\Temp\chocolatey\chocoInstall\tools\chocolateyInstall\redirects\cuninst.exe.ignore
[2026-08-05 11:38:42.138] [INFO] Deleted: C:\Windows\Temp\chocolatey\chocoInstall\tools\chocolateyInstall\redirects\cuninst.exe.ignore
[2026-08-05 11:38:42.435] [INFO] Backed up: C:\Windows\Temp\chocolatey\chocoInstall\tools\chocolateyInstall\redirects\cup.exe -> C:\Users\labuser\Documents\Training\Day3\TempCleanupArtifacts\RollbackStore_20260805_113834\C\Windows\Temp\chocolatey\chocoInstall\tools\chocolateyInstall\redirects\cup.exe
[2026-08-05 11:38:42.435] [INFO] Deleted: C:\Windows\Temp\chocolatey\chocoInstall\tools\chocolateyInstall\redirects\cup.exe
[2026-08-05 11:38:42.435] [INFO] Backed up: C:\Windows\Temp\chocolatey\chocoInstall\tools\chocolateyInstall\redirects\cup.exe.ignore -> C:\Users\labuser\Documents\Training\Day3\TempCleanupArtifacts\RollbackStore_20260805_113834\C\Windows\Temp\chocolatey\chocoInstall\tools\chocolateyInstall\redirects\cup.exe.ignore
[2026-08-05 11:38:42.451] [INFO] Deleted: C:\Windows\Temp\chocolatey\chocoInstall\tools\chocolateyInstall\redirects\cup.exe.ignore
[2026-08-05 11:38:42.451] [INFO] Backed up: C:\Windows\Temp\chocolatey\chocoInstall\tools\chocolateyInstall\redirects\RefreshEnv.cmd -> C:\Users\labuser\Documents\Training\Day3\TempCleanupArtifacts\RollbackStore_20260805_113834\C\Windows\Temp\chocolatey\chocoInstall\tools\chocolateyInstall\redirects\RefreshEnv.cmd
[2026-08-05 11:38:42.466] [INFO] Deleted: C:\Windows\Temp\chocolatey\chocoInstall\tools\chocolateyInstall\redirects\RefreshEnv.cmd
[2026-08-05 11:38:42.497] [INFO] Backed up: C:\Windows\Temp\chocolatey\chocoInstall\tools\chocolateyInstall\tools\7z.dll -> C:\Users\labuser\Documents\Training\Day3\TempCleanupArtifacts\RollbackStore_20260805_113834\C\Windows\Temp\chocolatey\chocoInstall\tools\chocolateyInstall\tools\7z.dll
[2026-08-05 11:38:42.497] [INFO] Deleted: C:\Windows\Temp\chocolatey\chocoInstall\tools\chocolateyInstall\tools\7z.dll
[2026-08-05 11:38:42.513] [INFO] Backed up: C:\Windows\Temp\chocolatey\chocoInstall\tools\chocolateyInstall\tools\7z.dll.manifest -> C:\Users\labuser\Documents\Training\Day3\TempCleanupArtifacts\RollbackStore_20260805_113834\C\Windows\Temp\chocolatey\chocoInstall\tools\chocolateyInstall\tools\7z.dll.manifest
[2026-08-05 11:38:42.529] [INFO] Deleted: C:\Windows\Temp\chocolatey\chocoInstall\tools\chocolateyInstall\tools\7z.dll.manifest
[2026-08-05 11:38:42.560] [INFO] Backed up: C:\Windows\Temp\chocolatey\chocoInstall\tools\chocolateyInstall\tools\7z.exe -> C:\Users\labuser\Documents\Training\Day3\TempCleanupArtifacts\RollbackStore_20260805_113834\C\Windows\Temp\chocolatey\chocoInstall\tools\chocolateyInstall\tools\7z.exe
[2026-08-05 11:38:42.560] [INFO] Deleted: C:\Windows\Temp\chocolatey\chocoInstall\tools\chocolateyInstall\tools\7z.exe
[2026-08-05 11:38:42.560] [INFO] Backed up: C:\Windows\Temp\chocolatey\chocoInstall\tools\chocolateyInstall\tools\7z.exe.ignore -> C:\Users\labuser\Documents\Training\Day3\TempCleanupArtifacts\RollbackStore_20260805_113834\C\Windows\Temp\chocolatey\chocoInstall\tools\chocolateyInstall\tools\7z.exe.ignore
[2026-08-05 11:38:42.575] [INFO] Deleted: C:\Windows\Temp\chocolatey\chocoInstall\tools\chocolateyInstall\tools\7z.exe.ignore
[2026-08-05 11:38:42.575] [INFO] Backed up: C:\Windows\Temp\chocolatey\chocoInstall\tools\chocolateyInstall\tools\7z.exe.manifest -> C:\Users\labuser\Documents\Training\Day3\TempCleanupArtifacts\RollbackStore_20260805_113834\C\Windows\Temp\chocolatey\chocoInstall\tools\chocolateyInstall\tools\7z.exe.manifest
[2026-08-05 11:38:42.591] [INFO] Deleted: C:\Windows\Temp\chocolatey\chocoInstall\tools\chocolateyInstall\tools\7z.exe.manifest
[2026-08-05 11:38:42.607] [INFO] Backed up: C:\Windows\Temp\chocolatey\chocoInstall\tools\chocolateyInstall\tools\7zip.license.txt -> C:\Users\labuser\Documents\Training\Day3\TempCleanupArtifacts\RollbackStore_20260805_113834\C\Windows\Temp\chocolatey\chocoInstall\tools\chocolateyInstall\tools\7zip.license.txt
[2026-08-05 11:38:42.607] [INFO] Deleted: C:\Windows\Temp\chocolatey\chocoInstall\tools\chocolateyInstall\tools\7zip.license.txt
[2026-08-05 11:38:42.654] [INFO] Backed up: C:\Windows\Temp\chocolatey\chocoInstall\tools\chocolateyInstall\tools\checksum.exe -> C:\Users\labuser\Documents\Training\Day3\TempCleanupArtifacts\RollbackStore_20260805_113834\C\Windows\Temp\chocolatey\chocoInstall\tools\chocolateyInstall\tools\checksum.exe
[2026-08-05 11:38:42.654] [INFO] Deleted: C:\Windows\Temp\chocolatey\chocoInstall\tools\chocolateyInstall\tools\checksum.exe
[2026-08-05 11:38:42.669] [INFO] Backed up: C:\Windows\Temp\chocolatey\chocoInstall\tools\chocolateyInstall\tools\checksum.exe.config -> C:\Users\labuser\Documents\Training\Day3\TempCleanupArtifacts\RollbackStore_20260805_113834\C\Windows\Temp\chocolatey\chocoInstall\tools\chocolateyInstall\tools\checksum.exe.config
[2026-08-05 11:38:42.669] [INFO] Deleted: C:\Windows\Temp\chocolatey\chocoInstall\tools\chocolateyInstall\tools\checksum.exe.config
[2026-08-05 11:38:42.685] [INFO] Backed up: C:\Windows\Temp\chocolatey\chocoInstall\tools\chocolateyInstall\tools\checksum.exe.ignore -> C:\Users\labuser\Documents\Training\Day3\TempCleanupArtifacts\RollbackStore_20260805_113834\C\Windows\Temp\chocolatey\chocoInstall\tools\chocolateyInstall\tools\checksum.exe.ignore
[2026-08-05 11:38:42.685] [INFO] Deleted: C:\Windows\Temp\chocolatey\chocoInstall\tools\chocolateyInstall\tools\checksum.exe.ignore
[2026-08-05 11:38:42.700] [INFO] Backed up: C:\Windows\Temp\chocolatey\chocoInstall\tools\chocolateyInstall\tools\checksum.license.txt -> C:\Users\labuser\Documents\Training\Day3\TempCleanupArtifacts\RollbackStore_20260805_113834\C\Windows\Temp\chocolatey\chocoInstall\tools\chocolateyInstall\tools\checksum.license.txt
[2026-08-05 11:38:42.717] [INFO] Deleted: C:\Windows\Temp\chocolatey\chocoInstall\tools\chocolateyInstall\tools\checksum.license.txt
[2026-08-05 11:38:42.747] [INFO] Backed up: C:\Windows\Temp\chocolatey\chocoInstall\tools\chocolateyInstall\tools\shimgen.exe -> C:\Users\labuser\Documents\Training\Day3\TempCleanupArtifacts\RollbackStore_20260805_113834\C\Windows\Temp\chocolatey\chocoInstall\tools\chocolateyInstall\tools\shimgen.exe
[2026-08-05 11:38:42.763] [INFO] Deleted: C:\Windows\Temp\chocolatey\chocoInstall\tools\chocolateyInstall\tools\shimgen.exe
[2026-08-05 11:38:42.763] [INFO] Backed up: C:\Windows\Temp\chocolatey\chocoInstall\tools\chocolateyInstall\tools\shimgen.exe.ignore -> C:\Users\labuser\Documents\Training\Day3\TempCleanupArtifacts\RollbackStore_20260805_113834\C\Windows\Temp\chocolatey\chocoInstall\tools\chocolateyInstall\tools\shimgen.exe.ignore
[2026-08-05 11:38:42.763] [INFO] Deleted: C:\Windows\Temp\chocolatey\chocoInstall\tools\chocolateyInstall\tools\shimgen.exe.ignore
[2026-08-05 11:38:42.935] [INFO] Backed up: C:\Windows\Temp\chocolatey\chocoInstall\tools\chocolateyInstall\tools\shimgen.license.txt -> C:\Users\labuser\Documents\Training\Day3\TempCleanupArtifacts\RollbackStore_20260805_113834\C\Windows\Temp\chocolatey\chocoInstall\tools\chocolateyInstall\tools\shimgen.license.txt
[2026-08-05 11:38:42.997] [INFO] Deleted: C:\Windows\Temp\chocolatey\chocoInstall\tools\chocolateyInstall\tools\shimgen.license.txt
[2026-08-05 11:38:43.013] [INFO] Backed up: C:\Windows\Temp\chocolatey\chocoInstall\_rels\.rels -> C:\Users\labuser\Documents\Training\Day3\TempCleanupArtifacts\RollbackStore_20260805_113834\C\Windows\Temp\chocolatey\chocoInstall\_rels\.rels
[2026-08-05 11:38:43.013] [INFO] Deleted: C:\Windows\Temp\chocolatey\chocoInstall\_rels\.rels
[2026-08-05 11:38:43.029] [INFO] Backed up: C:\Windows\Temp\chocolatey\vscode.install\1.131.0\install.log -> C:\Users\labuser\Documents\Training\Day3\TempCleanupArtifacts\RollbackStore_20260805_113834\C\Windows\Temp\chocolatey\vscode.install\1.131.0\install.log
[2026-08-05 11:38:43.029] [INFO] Deleted: C:\Windows\Temp\chocolatey\vscode.install\1.131.0\install.log
[2026-08-05 11:38:49.864] [INFO] Backed up: C:\Windows\Temp\chocolatey\vscode.install\1.131.0\VSCodeSetup-x64-1.131.0.exe -> C:\Users\labuser\Documents\Training\Day3\TempCleanupArtifacts\RollbackStore_20260805_113834\C\Windows\Temp\chocolatey\vscode.install\1.131.0\VSCodeSetup-x64-1.131.0.exe
[2026-08-05 11:38:49.880] [INFO] Deleted: C:\Windows\Temp\chocolatey\vscode.install\1.131.0\VSCodeSetup-x64-1.131.0.exe
[2026-08-05 11:38:49.904] [INFO] Rollback manifest saved: C:\Users\labuser\Documents\Training\Day3\TempCleanupArtifacts\Manifest_20260805_113834.csv
