[2026-08-05 12:19:18.508] [INFO] Starting rollback mode. Manifest: C:\Users\labuser\Documents\Training\Day3\TempCleanupArtifacts\Manifest_20260805_113834.csv
[2026-08-05 12:19:18.524] [INFO] Restored: C:\Users\labuser\AppData\Local\Temp\2\.ses
[2026-08-05 12:19:18.524] [INFO] Restored: C:\Users\labuser\AppData\Local\Temp\2\337afda6-cce2-496c-9feb-807b5aa8d7b2.tmp
[2026-08-05 12:19:18.540] [INFO] Restored: C:\Users\labuser\AppData\Local\Temp\2\42b62aa9-12f7-415c-bfde-eabdd63ed7e8.tmp
[2026-08-05 12:19:18.540] [INFO] Restored: C:\Users\labuser\AppData\Local\Temp\2\45777371-4f29-4a65-bde4-f9d13faacf9c.tmp
[2026-08-05 12:19:18.555] [INFO] Restored: C:\Users\labuser\AppData\Local\Temp\2\4b125627-6b8c-40b4-8651-4fe9182a215b.tmp
[2026-08-05 12:19:18.555] [INFO] Restored: C:\Users\labuser\AppData\Local\Temp\2\54e2e1d3-0b83-4eca-ae48-555a2ca677f1.tmp
[2026-08-05 12:19:18.587] [INFO] Restored: C:\Users\labuser\AppData\Local\Temp\2\cv_debug.log
[2026-08-05 12:19:18.618] [INFO] Restored: C:\Users\labuser\AppData\Local\Temp\2\exthost-0106b4.cpuprofile
[2026-08-05 12:19:18.633] [INFO] Restored: C:\Users\labuser\AppData\Local\Temp\2\exthost-ae830d.cpuprofile
[2026-08-05 12:19:18.649] [INFO] Restored: C:\Users\labuser\AppData\Local\Temp\2\f87c3f67-12b1-4ed4-8ecf-cd635bea6b60.tmp
[2026-08-05 12:19:18.649] [INFO] Restored: C:\Users\labuser\AppData\Local\Temp\2\msedge_installer.log
[2026-08-05 12:19:18.665] [INFO] Restored: C:\Users\labuser\AppData\Local\Temp\2\wmsetup.log
[2026-08-05 12:19:18.665] [INFO] Restored: C:\Users\labuser\AppData\Local\Temp\2\gen_py\3.9\dicts.dat
[2026-08-05 12:19:18.665] [INFO] Restored: C:\Users\labuser\AppData\Local\Temp\2\gen_py\3.9\__init__.py
[2026-08-05 12:19:20.538] [INFO] Restored: C:\Users\labuser\AppData\Local\Temp\2\vscode-stable-system-x64\CodeSetup-stable-df53daabb18cd157bdb08c7f01c34df936cf12f4.exe
[2026-08-05 12:19:20.553] [INFO] Restored: C:\Users\labuser\AppData\Local\Temp\2\vscode-stable-system-x64\update-metadata.json
[2026-08-05 12:19:20.571] [INFO] Restored: C:\Windows\Temp\bb3a785178f443fda931098a5a9a306b.db.ses
[2026-08-05 12:19:20.602] [INFO] Restored: C:\Windows\Temp\MpCmdRun.log
[2026-08-05 12:19:20.616] [INFO] Restored: C:\Windows\Temp\MpSigStub.log
[2026-08-05 12:19:20.616] [INFO] Restored: C:\Windows\Temp\silconfig.log
[2026-08-05 12:19:20.634] [INFO] Restored: C:\Windows\Temp\_env.cmd
[2026-08-05 12:19:20.915] [INFO] Restored: C:\Windows\Temp\chocolatey\activitywatch\0.13.2\activitywatch-v0.13.2-windows-x86_64.zip
[2026-08-05 12:19:20.977] [INFO] Restored: C:\Windows\Temp\chocolatey\chocoInstall\chocolatey.nuspec
[2026-08-05 12:19:21.290] [INFO] Restored: C:\Windows\Temp\chocolatey\chocoInstall\chocolatey.zip
[2026-08-05 12:19:21.321] [INFO] Restored: C:\Windows\Temp\chocolatey\chocoInstall\[Content_Types].xml
[2026-08-05 12:19:21.321] [INFO] Restored: C:\Windows\Temp\chocolatey\chocoInstall\package\services\metadata\core-properties\5ad4dc75cc79452d8e7e738cb4a3286e.psmdcp
[2026-08-05 12:19:21.368] [INFO] Restored: C:\Windows\Temp\chocolatey\chocoInstall\tools\chocolateyInstall.ps1
[2026-08-05 12:19:21.415] [INFO] Restored: C:\Windows\Temp\chocolatey\chocoInstall\tools\chocolateysetup.psm1
[2026-08-05 12:19:21.462] [INFO] Restored: C:\Windows\Temp\chocolatey\chocoInstall\tools\init.ps1
[2026-08-05 12:19:21.477] [INFO] Restored: C:\Windows\Temp\chocolatey\chocoInstall\tools\VERIFICATION.txt
[2026-08-05 12:19:23.071] [INFO] Restored: C:\Windows\Temp\chocolatey\chocoInstall\tools\chocolateyInstall\choco.exe
[2026-08-05 12:19:23.071] [INFO] Restored: C:\Windows\Temp\chocolatey\chocoInstall\tools\chocolateyInstall\choco.exe.ignore
[2026-08-05 12:19:23.227] [INFO] Restored: C:\Windows\Temp\chocolatey\chocoInstall\tools\chocolateyInstall\choco.exe.manifest
[2026-08-05 12:19:23.290] [INFO] Restored: C:\Windows\Temp\chocolatey\chocoInstall\tools\chocolateyInstall\CREDITS.txt
[2026-08-05 12:19:23.290] [INFO] Restored: C:\Windows\Temp\chocolatey\chocoInstall\tools\chocolateyInstall\LICENSE.txt
[2026-08-05 12:19:23.321] [INFO] Restored: C:\Windows\Temp\chocolatey\chocoInstall\tools\chocolateyInstall\helpers\chocolateyInstaller.psm1
[2026-08-05 12:19:23.352] [INFO] Restored: C:\Windows\Temp\chocolatey\chocoInstall\tools\chocolateyInstall\helpers\chocolateyProfile.psm1
[2026-08-05 12:19:23.383] [INFO] Restored: C:\Windows\Temp\chocolatey\chocoInstall\tools\chocolateyInstall\helpers\chocolateyScriptRunner.ps1
[2026-08-05 12:19:23.430] [INFO] Restored: C:\Windows\Temp\chocolatey\chocoInstall\tools\chocolateyInstall\helpers\ChocolateyTabExpansion.ps1
[2026-08-05 12:19:23.462] [INFO] Restored: C:\Windows\Temp\chocolatey\chocoInstall\tools\chocolateyInstall\helpers\functions\Format-FileSize.ps1
[2026-08-05 12:19:23.493] [INFO] Restored: C:\Windows\Temp\chocolatey\chocoInstall\tools\chocolateyInstall\helpers\functions\Get-CheckSumValid.ps1
[2026-08-05 12:19:23.540] [INFO] Restored: C:\Windows\Temp\chocolatey\chocoInstall\tools\chocolateyInstall\helpers\functions\Get-ChocolateyPath.ps1
[2026-08-05 12:19:23.571] [INFO] Restored: C:\Windows\Temp\chocolatey\chocoInstall\tools\chocolateyInstall\helpers\functions\Get-ChocolateyUnzip.ps1
[2026-08-05 12:19:23.633] [INFO] Restored: C:\Windows\Temp\chocolatey\chocoInstall\tools\chocolateyInstall\helpers\functions\Get-ChocolateyWebFile.ps1
[2026-08-05 12:19:23.665] [INFO] Restored: C:\Windows\Temp\chocolatey\chocoInstall\tools\chocolateyInstall\helpers\functions\Get-EnvironmentVariable.ps1
[2026-08-05 12:19:23.696] [INFO] Restored: C:\Windows\Temp\chocolatey\chocoInstall\tools\chocolateyInstall\helpers\functions\Get-EnvironmentVariableNames.ps1
[2026-08-05 12:19:23.743] [INFO] Restored: C:\Windows\Temp\chocolatey\chocoInstall\tools\chocolateyInstall\helpers\functions\Get-FtpFile.ps1
[2026-08-05 12:19:23.774] [INFO] Restored: C:\Windows\Temp\chocolatey\chocoInstall\tools\chocolateyInstall\helpers\functions\Get-OSArchitectureWidth.ps1
[2026-08-05 12:19:23.805] [INFO] Restored: C:\Windows\Temp\chocolatey\chocoInstall\tools\chocolateyInstall\helpers\functions\Get-PackageParameters.ps1
[2026-08-05 12:19:23.852] [INFO] Restored: C:\Windows\Temp\chocolatey\chocoInstall\tools\chocolateyInstall\helpers\functions\Get-ToolsLocation.ps1
[2026-08-05 12:19:23.883] [INFO] Restored: C:\Windows\Temp\chocolatey\chocoInstall\tools\chocolateyInstall\helpers\functions\Get-UACEnabled.ps1
[2026-08-05 12:19:23.915] [INFO] Restored: C:\Windows\Temp\chocolatey\chocoInstall\tools\chocolateyInstall\helpers\functions\Get-UninstallRegistryKey.ps1
[2026-08-05 12:19:23.946] [INFO] Restored: C:\Windows\Temp\chocolatey\chocoInstall\tools\chocolateyInstall\helpers\functions\Get-VirusCheckValid.ps1
[2026-08-05 12:19:23.993] [INFO] Restored: C:\Windows\Temp\chocolatey\chocoInstall\tools\chocolateyInstall\helpers\functions\Get-WebFile.ps1
[2026-08-05 12:19:24.024] [INFO] Restored: C:\Windows\Temp\chocolatey\chocoInstall\tools\chocolateyInstall\helpers\functions\Get-WebFileName.ps1
[2026-08-05 12:19:24.055] [INFO] Restored: C:\Windows\Temp\chocolatey\chocoInstall\tools\chocolateyInstall\helpers\functions\Get-WebHeaders.ps1
[2026-08-05 12:19:24.102] [INFO] Restored: C:\Windows\Temp\chocolatey\chocoInstall\tools\chocolateyInstall\helpers\functions\Install-BinFile.ps1
[2026-08-05 12:19:24.133] [INFO] Restored: C:\Windows\Temp\chocolatey\chocoInstall\tools\chocolateyInstall\helpers\functions\Install-ChocolateyEnvironmentVariable.ps1
[2026-08-05 12:19:24.180] [INFO] Restored: C:\Windows\Temp\chocolatey\chocoInstall\tools\chocolateyInstall\helpers\functions\Install-ChocolateyExplorerMenuItem.ps1
[2026-08-05 12:19:24.212] [INFO] Restored: C:\Windows\Temp\chocolatey\chocoInstall\tools\chocolateyInstall\helpers\functions\Install-ChocolateyFileAssociation.ps1
[2026-08-05 12:19:24.383] [INFO] Restored: C:\Windows\Temp\chocolatey\chocoInstall\tools\chocolateyInstall\helpers\functions\Install-ChocolateyInstallPackage.ps1
[2026-08-05 12:19:24.415] [INFO] Restored: C:\Windows\Temp\chocolatey\chocoInstall\tools\chocolateyInstall\helpers\functions\Install-ChocolateyPackage.ps1
[2026-08-05 12:19:24.446] [INFO] Restored: C:\Windows\Temp\chocolatey\chocoInstall\tools\chocolateyInstall\helpers\functions\Install-ChocolateyPath.ps1
[2026-08-05 12:19:24.477] [INFO] Restored: C:\Windows\Temp\chocolatey\chocoInstall\tools\chocolateyInstall\helpers\functions\Install-ChocolateyPinnedTaskBarItem.ps1
[2026-08-05 12:19:24.508] [INFO] Restored: C:\Windows\Temp\chocolatey\chocoInstall\tools\chocolateyInstall\helpers\functions\Install-ChocolateyPowershellCommand.ps1
[2026-08-05 12:19:24.555] [INFO] Restored: C:\Windows\Temp\chocolatey\chocoInstall\tools\chocolateyInstall\helpers\functions\Install-ChocolateyShortcut.ps1
[2026-08-05 12:19:24.883] [INFO] Restored: C:\Windows\Temp\chocolatey\chocoInstall\tools\chocolateyInstall\helpers\functions\Install-ChocolateyVsixPackage.ps1
[2026-08-05 12:19:24.930] [INFO] Restored: C:\Windows\Temp\chocolatey\chocoInstall\tools\chocolateyInstall\helpers\functions\Install-ChocolateyZipPackage.ps1
[2026-08-05 12:19:24.962] [INFO] Restored: C:\Windows\Temp\chocolatey\chocoInstall\tools\chocolateyInstall\helpers\functions\Install-Vsix.ps1
[2026-08-05 12:19:24.993] [INFO] Restored: C:\Windows\Temp\chocolatey\chocoInstall\tools\chocolateyInstall\helpers\functions\Set-EnvironmentVariable.ps1
[2026-08-05 12:19:25.040] [INFO] Restored: C:\Windows\Temp\chocolatey\chocoInstall\tools\chocolateyInstall\helpers\functions\Set-PowerShellExitCode.ps1
[2026-08-05 12:19:25.087] [INFO] Restored: C:\Windows\Temp\chocolatey\chocoInstall\tools\chocolateyInstall\helpers\functions\Start-ChocolateyProcessAsAdmin.ps1
[2026-08-05 12:19:25.118] [INFO] Restored: C:\Windows\Temp\chocolatey\chocoInstall\tools\chocolateyInstall\helpers\functions\Test-ProcessAdminRights.ps1
[2026-08-05 12:19:25.165] [INFO] Restored: C:\Windows\Temp\chocolatey\chocoInstall\tools\chocolateyInstall\helpers\functions\Uninstall-BinFile.ps1
[2026-08-05 12:19:25.196] [INFO] Restored: C:\Windows\Temp\chocolatey\chocoInstall\tools\chocolateyInstall\helpers\functions\Uninstall-ChocolateyEnvironmentVariable.ps1
[2026-08-05 12:19:25.227] [INFO] Restored: C:\Windows\Temp\chocolatey\chocoInstall\tools\chocolateyInstall\helpers\functions\Uninstall-ChocolateyPackage.ps1
[2026-08-05 12:19:25.274] [INFO] Restored: C:\Windows\Temp\chocolatey\chocoInstall\tools\chocolateyInstall\helpers\functions\UnInstall-ChocolateyZipPackage.ps1
[2026-08-05 12:19:25.305] [INFO] Restored: C:\Windows\Temp\chocolatey\chocoInstall\tools\chocolateyInstall\helpers\functions\Update-SessionEnvironment.ps1
[2026-08-05 12:19:25.352] [INFO] Restored: C:\Windows\Temp\chocolatey\chocoInstall\tools\chocolateyInstall\helpers\functions\Write-FunctionCallLogMessage.ps1
[2026-08-05 12:19:25.368] [INFO] Restored: C:\Windows\Temp\chocolatey\chocoInstall\tools\chocolateyInstall\redirects\choco.exe
[2026-08-05 12:19:25.368] [INFO] Restored: C:\Windows\Temp\chocolatey\chocoInstall\tools\chocolateyInstall\redirects\choco.exe.ignore
[2026-08-05 12:19:25.383] [INFO] Restored: C:\Windows\Temp\chocolatey\chocoInstall\tools\chocolateyInstall\redirects\chocolatey.exe
[2026-08-05 12:19:25.383] [INFO] Restored: C:\Windows\Temp\chocolatey\chocoInstall\tools\chocolateyInstall\redirects\chocolatey.exe.ignore
[2026-08-05 12:19:25.415] [INFO] Restored: C:\Windows\Temp\chocolatey\chocoInstall\tools\chocolateyInstall\redirects\cinst.exe
[2026-08-05 12:19:25.415] [INFO] Restored: C:\Windows\Temp\chocolatey\chocoInstall\tools\chocolateyInstall\redirects\cinst.exe.ignore
[2026-08-05 12:19:25.430] [INFO] Restored: C:\Windows\Temp\chocolatey\chocoInstall\tools\chocolateyInstall\redirects\clist.exe
[2026-08-05 12:19:25.430] [INFO] Restored: C:\Windows\Temp\chocolatey\chocoInstall\tools\chocolateyInstall\redirects\clist.exe.ignore
[2026-08-05 12:19:25.446] [INFO] Restored: C:\Windows\Temp\chocolatey\chocoInstall\tools\chocolateyInstall\redirects\cpush.exe
[2026-08-05 12:19:25.462] [INFO] Restored: C:\Windows\Temp\chocolatey\chocoInstall\tools\chocolateyInstall\redirects\cpush.exe.ignore
[2026-08-05 12:19:25.462] [INFO] Restored: C:\Windows\Temp\chocolatey\chocoInstall\tools\chocolateyInstall\redirects\cuninst.exe
[2026-08-05 12:19:25.477] [INFO] Restored: C:\Windows\Temp\chocolatey\chocoInstall\tools\chocolateyInstall\redirects\cuninst.exe.ignore
[2026-08-05 12:19:25.493] [INFO] Restored: C:\Windows\Temp\chocolatey\chocoInstall\tools\chocolateyInstall\redirects\cup.exe
[2026-08-05 12:19:25.493] [INFO] Restored: C:\Windows\Temp\chocolatey\chocoInstall\tools\chocolateyInstall\redirects\cup.exe.ignore
[2026-08-05 12:19:25.524] [INFO] Restored: C:\Windows\Temp\chocolatey\chocoInstall\tools\chocolateyInstall\redirects\RefreshEnv.cmd
[2026-08-05 12:19:25.837] [INFO] Restored: C:\Windows\Temp\chocolatey\chocoInstall\tools\chocolateyInstall\tools\7z.dll
[2026-08-05 12:19:25.852] [INFO] Restored: C:\Windows\Temp\chocolatey\chocoInstall\tools\chocolateyInstall\tools\7z.dll.manifest
[2026-08-05 12:19:25.915] [INFO] Restored: C:\Windows\Temp\chocolatey\chocoInstall\tools\chocolateyInstall\tools\7z.exe
[2026-08-05 12:19:25.930] [INFO] Restored: C:\Windows\Temp\chocolatey\chocoInstall\tools\chocolateyInstall\tools\7z.exe.ignore
[2026-08-05 12:19:25.930] [INFO] Restored: C:\Windows\Temp\chocolatey\chocoInstall\tools\chocolateyInstall\tools\7z.exe.manifest
[2026-08-05 12:19:25.946] [INFO] Restored: C:\Windows\Temp\chocolatey\chocoInstall\tools\chocolateyInstall\tools\7zip.license.txt
[2026-08-05 12:19:25.962] [INFO] Restored: C:\Windows\Temp\chocolatey\chocoInstall\tools\chocolateyInstall\tools\checksum.exe
[2026-08-05 12:19:25.962] [INFO] Restored: C:\Windows\Temp\chocolatey\chocoInstall\tools\chocolateyInstall\tools\checksum.exe.config
[2026-08-05 12:19:25.962] [INFO] Restored: C:\Windows\Temp\chocolatey\chocoInstall\tools\chocolateyInstall\tools\checksum.exe.ignore
[2026-08-05 12:19:25.977] [INFO] Restored: C:\Windows\Temp\chocolatey\chocoInstall\tools\chocolateyInstall\tools\checksum.license.txt
[2026-08-05 12:19:25.993] [INFO] Restored: C:\Windows\Temp\chocolatey\chocoInstall\tools\chocolateyInstall\tools\shimgen.exe
[2026-08-05 12:19:25.993] [INFO] Restored: C:\Windows\Temp\chocolatey\chocoInstall\tools\chocolateyInstall\tools\shimgen.exe.ignore
[2026-08-05 12:19:26.008] [INFO] Restored: C:\Windows\Temp\chocolatey\chocoInstall\tools\chocolateyInstall\tools\shimgen.license.txt
[2026-08-05 12:19:26.008] [INFO] Restored: C:\Windows\Temp\chocolatey\chocoInstall\_rels\.rels
[2026-08-05 12:19:26.024] [INFO] Restored: C:\Windows\Temp\chocolatey\vscode.install\1.131.0\install.log
[2026-08-05 12:19:29.212] [INFO] Restored: C:\Windows\Temp\chocolatey\vscode.install\1.131.0\VSCodeSetup-x64-1.131.0.exe
[2026-08-05 12:19:29.213] [INFO] Rollback completed. Restored=110, Skipped=0, Errors=0
